#-----------------------------------------------------------
# Webtalk v2017.4 (64-bit)
# SW Build 2086221 on Fri Dec 15 20:55:39 MST 2017
# IP Build 2085800 on Fri Dec 15 22:25:07 MST 2017
# Start of session at: Tue May  1 10:51:07 2018
# Process ID: 4952
# Current directory: C:/Users/Bartek/Reconfigurable-Systems-Laboratory-Class/Lab_5/8_6/8_6.sim/sim_1/behav/xsim
# Command line: wbtcv.exe -mode batch -source C:/Users/Bartek/Reconfigurable-Systems-Laboratory-Class/Lab_5/8_6/8_6.sim/sim_1/behav/xsim/xsim.dir/tb_main_LUT_behav/webtalk/xsim_webtalk.tcl -notrace
# Log file: C:/Users/Bartek/Reconfigurable-Systems-Laboratory-Class/Lab_5/8_6/8_6.sim/sim_1/behav/xsim/webtalk.log
# Journal file: C:/Users/Bartek/Reconfigurable-Systems-Laboratory-Class/Lab_5/8_6/8_6.sim/sim_1/behav/xsim\webtalk.jou
#-----------------------------------------------------------
source C:/Users/Bartek/Reconfigurable-Systems-Laboratory-Class/Lab_5/8_6/8_6.sim/sim_1/behav/xsim/xsim.dir/tb_main_LUT_behav/webtalk/xsim_webtalk.tcl -notrace
