#-----------------------------------------------------------
# Webtalk v2017.4 (64-bit)
# SW Build 2086221 on Fri Dec 15 20:54:30 MST 2017
# IP Build 2085800 on Fri Dec 15 22:25:07 MST 2017
# Start of session at: Wed Mar 21 08:08:12 2018
# Process ID: 6900
# Current directory: /home/lsriw/sr/StyczenBartlomiej/Reconfigurable-Systems-Laboratory-Class/Lab_2/What_it_does_module/What_it_does_module.sim/sim_1/behav/xsim
# Command line: wbtcv -mode batch -source /home/lsriw/sr/StyczenBartlomiej/Reconfigurable-Systems-Laboratory-Class/Lab_2/What_it_does_module/What_it_does_module.sim/sim_1/behav/xsim/xsim.dir/tb_mux_behav/webtalk/xsim_webtalk.tcl -notrace
# Log file: /home/lsriw/sr/StyczenBartlomiej/Reconfigurable-Systems-Laboratory-Class/Lab_2/What_it_does_module/What_it_does_module.sim/sim_1/behav/xsim/webtalk.log
# Journal file: /home/lsriw/sr/StyczenBartlomiej/Reconfigurable-Systems-Laboratory-Class/Lab_2/What_it_does_module/What_it_does_module.sim/sim_1/behav/xsim/webtalk.jou
#-----------------------------------------------------------
source /home/lsriw/sr/StyczenBartlomiej/Reconfigurable-Systems-Laboratory-Class/Lab_2/What_it_does_module/What_it_does_module.sim/sim_1/behav/xsim/xsim.dir/tb_mux_behav/webtalk/xsim_webtalk.tcl -notrace
