#-----------------------------------------------------------
# Webtalk v2017.4 (64-bit)
# SW Build 2086221 on Fri Dec 15 20:55:39 MST 2017
# IP Build 2085800 on Fri Dec 15 22:25:07 MST 2017
# Start of session at: Tue Mar 13 22:25:41 2018
# Process ID: 1932
# Current directory: C:/Users/Bartek/Reconfigurable-Systems-Laboratory-Class/Lab_2/Complex_logic_module/Complex_logic_module.sim/sim_1/behav/xsim
# Command line: wbtcv.exe -mode batch -source C:/Users/Bartek/Reconfigurable-Systems-Laboratory-Class/Lab_2/Complex_logic_module/Complex_logic_module.sim/sim_1/behav/xsim/xsim.dir/complex_logic_behav/webtalk/xsim_webtalk.tcl -notrace
# Log file: C:/Users/Bartek/Reconfigurable-Systems-Laboratory-Class/Lab_2/Complex_logic_module/Complex_logic_module.sim/sim_1/behav/xsim/webtalk.log
# Journal file: C:/Users/Bartek/Reconfigurable-Systems-Laboratory-Class/Lab_2/Complex_logic_module/Complex_logic_module.sim/sim_1/behav/xsim\webtalk.jou
#-----------------------------------------------------------
source C:/Users/Bartek/Reconfigurable-Systems-Laboratory-Class/Lab_2/Complex_logic_module/Complex_logic_module.sim/sim_1/behav/xsim/xsim.dir/complex_logic_behav/webtalk/xsim_webtalk.tcl -notrace
